{
  "status": "EXPERIMENTAL_NOT_CERTIFIED",
  "source_sha256": "ef70ad73707e2996881475a06d2461b837f43856400a605c1c18021964c0fdc1",
  "raw": "selection_likelihood_only_S03_R0_C00_A0.npz",
  "raw_sha256": "541df3cfb66b8fb76a3e5c42141cf11109de5d48dbec7682945cb1cff9407832",
  "trace_count": 2,
  "gap_count": 2263,
  "boundary_count": 29,
  "point": [
    5.44386353537635e-06,
    0.0,
    0.2557933637102145,
    0.36649366984164344,
    0.4406654275861141,
    0.5188016256169665,
    0.5916852698226541,
    0.6536178494704904,
    0.7286196993617557,
    0.6993761687023097,
    0.38853181609949183,
    0.6321296441437021,
    0.49477915857004534,
    0.001436301120436277,
    0.0008481012514426054,
    0.47388007851067626,
    0.8819507199874802,
    0.5796883358807148,
    0.10043716422141952,
    0.7515309004777567,
    0.6637291325374217,
    0.40830061577052706,
    0.609278376996839,
    0.16730516896735467,
    0.541927340004587
  ],
  "results": [
    {
      "mode": "vector",
      "checks": {
        "saved_gap_h": {
          "exact": true,
          "shape": [
            2263
          ],
          "dtype": "float64",
          "sha256": "02af34ed785c055d037c7ffe03385d216c6100b9cfc55297d8f1a3dae358b791"
        },
        "saved_gap_H": {
          "exact": true,
          "shape": [
            2263
          ],
          "dtype": "float64",
          "sha256": "b27fc1af3a788195a9c5139ffb86ca44f263501a8e3d4a8b6db6d63aa5242bef"
        },
        "trace_renewal_log_density": {
          "exact": true,
          "shape": [
            2
          ],
          "dtype": "float64",
          "sha256": "e2c9561aab780dc2b27b50eaf2a42c6e4897b2ac77b30d44b7418b87f4135aff"
        },
        "boundary_h": {
          "exact": true,
          "shape": [
            29
          ],
          "dtype": "float64",
          "sha256": "4ca5ea19bc7a88e3012dded5c5cd717b3366ab8e44edec334c459f936bd247ea"
        },
        "boundary_H": {
          "exact": true,
          "shape": [
            29
          ],
          "dtype": "float64",
          "sha256": "efa2ac833a020aa763158322ee3c9a2bd638bc1f0196b2d577fb784db92c3f3f"
        }
      },
      "timings_seconds": {
        "reference": [
          0.11189499997999519,
          0.11225710000144318,
          0.1118564999778755
        ],
        "prototype": [
          0.007921100012026727,
          0.00796499999705702,
          0.008452099980786443
        ]
      },
      "median_speedup": 14.048336474744401
    },
    {
      "mode": "one_element",
      "checks": {
        "saved_gap_h": {
          "exact": true,
          "shape": [
            2263
          ],
          "dtype": "float64",
          "sha256": "02af34ed785c055d037c7ffe03385d216c6100b9cfc55297d8f1a3dae358b791"
        },
        "saved_gap_H": {
          "exact": true,
          "shape": [
            2263
          ],
          "dtype": "float64",
          "sha256": "b27fc1af3a788195a9c5139ffb86ca44f263501a8e3d4a8b6db6d63aa5242bef"
        },
        "trace_renewal_log_density": {
          "exact": true,
          "shape": [
            2
          ],
          "dtype": "float64",
          "sha256": "e2c9561aab780dc2b27b50eaf2a42c6e4897b2ac77b30d44b7418b87f4135aff"
        },
        "boundary_h": {
          "exact": true,
          "shape": [
            29
          ],
          "dtype": "float64",
          "sha256": "4ca5ea19bc7a88e3012dded5c5cd717b3366ab8e44edec334c459f936bd247ea"
        },
        "boundary_H": {
          "exact": true,
          "shape": [
            29
          ],
          "dtype": "float64",
          "sha256": "efa2ac833a020aa763158322ee3c9a2bd638bc1f0196b2d577fb784db92c3f3f"
        }
      },
      "timings_seconds": {
        "reference": [
          0.1333759999834001,
          0.12885300000198185,
          0.13491949997842312
        ],
        "prototype": [
          0.013692300010006875,
          0.019348700006958097,
          0.014504500024486333
        ]
      },
      "median_speedup": 9.195491037832138
    }
  ],
  "edge_checks": [
    {
      "fixture": "empty",
      "expected": {
        "value_bytes": "a2434d13289bf6bf"
      },
      "actual": {
        "value_bytes": "a2434d13289bf6bf"
      },
      "exact": true
    },
    {
      "fixture": "zero",
      "expected": {
        "value_bytes": "000000000000f0ff"
      },
      "actual": {
        "value_bytes": "000000000000f0ff"
      },
      "exact": true
    },
    {
      "fixture": "negative_zero",
      "expected": {
        "value_bytes": "000000000000f0ff"
      },
      "actual": {
        "value_bytes": "000000000000f0ff"
      },
      "exact": true
    },
    {
      "fixture": "negative",
      "expected": {
        "exception": "ValueError",
        "message": "ages must be nonnegative and must not contain NaN"
      },
      "actual": {
        "exception": "ValueError",
        "message": "ages must be nonnegative and must not contain NaN"
      },
      "exact": true
    },
    {
      "fixture": "nan",
      "expected": {
        "exception": "ValueError",
        "message": "ages must be nonnegative and must not contain NaN"
      },
      "actual": {
        "exception": "ValueError",
        "message": "ages must be nonnegative and must not contain NaN"
      },
      "exact": true
    },
    {
      "fixture": "infinity",
      "expected": {
        "value_bytes": "000000000000f0ff"
      },
      "actual": {
        "value_bytes": "000000000000f0ff"
      },
      "exact": true
    },
    {
      "fixture": "short_circuit_zero_nan",
      "expected": {
        "value_bytes": "000000000000f0ff"
      },
      "actual": {
        "value_bytes": "000000000000f0ff"
      },
      "exact": true
    },
    {
      "fixture": "short_circuit_zero_negative",
      "expected": {
        "value_bytes": "000000000000f0ff"
      },
      "actual": {
        "value_bytes": "000000000000f0ff"
      },
      "exact": true
    },
    {
      "fixture": "smallest_subnormal",
      "expected": {
        "value_bytes": "000000000000f0ff"
      },
      "actual": {
        "value_bytes": "000000000000f0ff"
      },
      "exact": true
    }
  ],
  "runtime": {
    "python": "3.14.0 (tags/v3.14.0:ebf955d, Oct  7 2025, 10:15:03) [MSC v.1944 64 bit (AMD64)]",
    "numpy": "2.4.6",
    "scipy": "1.17.1"
  },
  "no_sampler": true,
  "no_full_archive_evaluation": true,
  "rationale": "One-element np.power and original one-row BLAS products, batched independent BSpline query points; untouched sequential math.log and scalar addition."
}
